// Jest Snapshot v1, https://goo.gl/fbAQLP

exports[`Should Favorites component render correctly 1`] = `null`;
