// Jest Snapshot v1, https://goo.gl/fbAQLP

exports[`Should Avatar render correctly 1`] = `
Array [
  <div
    className="header__avatar-wrapper user__avatar-wrapper"
  />,
  <span
    className="header__user-name user__name"
  >
    abc@mail.ru
  </span>,
]
`;
